C51 COMPILER V9.59.0.0   I2C                                                               10/14/2019 17:26:29 PAGE 1   


C51 COMPILER V9.59.0.0, COMPILATION OF MODULE I2C
OBJECT MODULE PLACED IN .\Objects\i2c.obj
COMPILER INVOKED BY: D:\KEIL5\C51\BIN\C51.EXE ..\10.14终\i2c.c OPTIMIZE(8,SPEED) BROWSE DEBUG OBJECTEXTEND PRINT(.\Listi
                    -ngs\i2c.lst) TABS(2) OBJECT(.\Objects\i2c.obj)

line level    source

   1          #include"i2c.h"
   2          
   3          /*******************************************************************************
   4          * 函数名         : Delay10us()
   5          * 函数功能       : 延时10us
   6          * 输入           : 无
   7          * 输出           : 无
   8          *******************************************************************************/
   9          
  10          void Delay10us()
  11          {
  12   1        unsigned char a,b;
  13   1        for(b=1;b>0;b--)
  14   1          for(a=2;a>0;a--);
  15   1      
  16   1      }
  17          /*******************************************************************************
  18          * 函数名         : I2cStart()
  19          * 函数功能     : 起始信号：在SCL时钟信号在高电平期间SDA信号产生一个下降沿
  20          * 输入           : 无
  21          * 输出           : 无
  22          * 备注           : 起始之后SDA和SCL都为0
  23          *******************************************************************************/
  24          
  25          void I2cStart()
  26          {
  27   1        SDA=1;
  28   1        Delay10us();
  29   1        SCL=1;
  30   1        Delay10us();//建立时间是SDA保持时间>4.7us
  31   1        SDA=0;
  32   1        Delay10us();//保持时间是>4us
  33   1        SCL=0;      
  34   1        Delay10us();    
  35   1      }
  36          /*******************************************************************************
  37          * 函数名         : I2cStop()
  38          * 函数功能     : 终止信号：在SCL时钟信号高电平期间SDA信号产生一个上升沿
  39          * 输入           : 无
  40          * 输出           : 无
  41          * 备注           : 结束之后保持SDA和SCL都为1；表示总线空闲
  42          *******************************************************************************/
  43          
  44          void I2cStop()
  45          {
  46   1        
  47   1        SCL=0;
  48   1        Delay10us();
  49   1        SDA=0;
  50   1        Delay10us();
  51   1        SCL=1;
  52   1        Delay10us();//建立时间大于4.7us
  53   1        SDA=1;
  54   1        Delay10us();    
C51 COMPILER V9.59.0.0   I2C                                                               10/14/2019 17:26:29 PAGE 2   

  55   1      }
  56          /*******************************************************************************
  57          * 函数名         : I2cSendByte(unsigned char dat)
  58          * 函数功能     : 通过I2C发送一个字节。在SCL时钟信号高电平期间，保持发送信号SDA保持稳定
  59          * 输入           : num
  60          * 输出           : 0或1。发送成功返回1，发送失败返回0
  61          * 备注           : 发送完一个字节SCL=0,SDA=1
  62          *******************************************************************************/
  63          
  64          unsigned char I2cSendByte(unsigned char dat)
  65          {
  66   1        unsigned char a=0,b=0;//最大255，一个机器周期为1us，最大延时255us。   
  67   1        for(a=0;a<8;a++)//要发送8位，从最高位开始
  68   1        {
  69   2          SDA=dat>>7;  //起始信号之后SCL=0，所以可以直接改变SDA信号
  70   2          dat=dat<<1;
  71   2          Delay10us();
  72   2          SCL=1;
  73   2          Delay10us();//建立时间>4.7us
  74   2          SCL=0;
  75   2          Delay10us();//时间大于4us   
  76   2        }
  77   1        SDA=1;//8位数据发送完后，置位高电平，以检测从机应答
  78   1        Delay10us();
  79   1        SCL=1;//SCL 拉高，此时读取SDA的值，即为从机的应答
  80   1        while(SDA)//等待应答，也就是等待从设备把SDA拉低
  81   1        {
  82   2          b++;
  83   2          if(b>200)  //如果超过2000us没有应答发送失败，或者为非应答，表示接收结束
  84   2          {
  85   3            SCL=0;
  86   3            Delay10us();
  87   3            return 0;
  88   3          }
  89   2        }
  90   1        SCL=0;
  91   1        Delay10us();
  92   1        return 1;   
  93   1      }
  94          /*******************************************************************************
  95          * 函数名         : I2cReadByte()
  96          * 函数功能       : 使用I2c读取一个字节
  97          * 输入           : 无
  98          * 输出           : dat
  99          * 备注           : 接收完一个字节SCL=0,SDA=1.
 100          *******************************************************************************/
 101          
 102          unsigned char I2cReadByte()
 103          {
 104   1        unsigned char a=0,dat=0;
 105   1        SDA=1;      //起始和发送一个字节之后SCL都是0
 106   1        Delay10us();
 107   1        for(a=0;a<8;a++)//接收8个字节
 108   1        {
 109   2          SCL=1;//高电平，主机开始接收数值
 110   2          Delay10us();
 111   2          dat<<=1;
 112   2          dat|=SDA;//将接收到的数据给dat
 113   2          Delay10us();
 114   2          SCL=0;
 115   2          Delay10us();
 116   2        }
C51 COMPILER V9.59.0.0   I2C                                                               10/14/2019 17:26:29 PAGE 3   

 117   1        return dat;   
 118   1      }
 119          
 120          
 121          /*******************************************************************************
 122          * 函数名         : void At24c02Write(unsigned char addr,unsigned char dat)
 123          * 函数功能       : 往24c02的一个地址写入一个数据
 124          * 输入           : 无
 125          * 输出           : 无
 126          *******************************************************************************/
 127          
 128          void At24c02Write(unsigned char addr,unsigned char dat)
 129          {
 130   1        I2cStart();
 131   1        I2cSendByte(0xa0);//发送写器件地址
 132   1        I2cSendByte(addr);//发送要写入内存地址
 133   1        I2cSendByte(dat); //发送数据
 134   1        I2cStop();
 135   1      }
 136          /*******************************************************************************
 137          * 函数名         : unsigned char At24c02Read(unsigned char addr)
 138          * 函数功能       : 读取24c02的一个地址的一个数据
 139          * 输入           : 无
 140          * 输出           : 无
 141          *******************************************************************************/
 142          
 143          unsigned char At24c02Read(unsigned char addr)
 144          {
 145   1        unsigned char num;
 146   1        I2cStart();
 147   1        I2cSendByte(0xa0); //发送写器件地址
 148   1        I2cSendByte(addr); //发送要读取的地址
 149   1        I2cStart();
 150   1        I2cSendByte(0xa1); //发送读器件地址
 151   1        num=I2cReadByte(); //读取数据
 152   1        I2cStop();
 153   1        return num; 
 154   1      }


MODULE INFORMATION:   STATIC OVERLAYABLE
   CODE SIZE        =    250    ----
   CONSTANT SIZE    =   ----    ----
   XDATA SIZE       =   ----    ----
   PDATA SIZE       =   ----    ----
   DATA SIZE        =   ----    ----
   IDATA SIZE       =   ----    ----
   BIT SIZE         =   ----    ----
END OF MODULE INFORMATION.


C51 COMPILATION COMPLETE.  0 WARNING(S),  0 ERROR(S)
